[2026-03-14T18:51:16.542+0000] {local_task_job_runner.py:123} INFO - ::group::Pre task execution logs
[2026-03-14T18:51:16.596+0000] {taskinstance.py:2614} INFO - Dependencies all met for dep_context=non-requeueable deps ti=<TaskInstance: transaction_pipeline_practice.branch manual__2026-03-14T18:45:13.766439+00:00 [queued]>
[2026-03-14T18:51:16.618+0000] {taskinstance.py:2614} INFO - Dependencies all met for dep_context=requeueable deps ti=<TaskInstance: transaction_pipeline_practice.branch manual__2026-03-14T18:45:13.766439+00:00 [queued]>
[2026-03-14T18:51:16.619+0000] {taskinstance.py:2867} INFO - Starting attempt 2 of 2
[2026-03-14T18:51:16.645+0000] {taskinstance.py:2890} INFO - Executing <Task(BranchPythonOperator): branch> on 2026-03-14 18:45:13.766439+00:00
[2026-03-14T18:51:16.663+0000] {standard_task_runner.py:104} INFO - Running: ['***', 'tasks', 'run', 'transaction_pipeline_practice', 'branch', 'manual__2026-03-14T18:45:13.766439+00:00', '--job-id', '39', '--raw', '--subdir', 'DAGS_FOLDER/practice.py', '--cfg-path', '/tmp/tmpw_ayj1j7']
[2026-03-14T18:51:16.667+0000] {standard_task_runner.py:105} INFO - Job 39: Subtask branch
[2026-03-14T18:51:16.667+0000] {logging_mixin.py:190} WARNING - /home/***/.local/lib/python3.12/site-packages/***/task/task_runner/standard_task_runner.py:70 DeprecationWarning: This process (pid=1141) is multi-threaded, use of fork() may lead to deadlocks in the child.
[2026-03-14T18:51:16.669+0000] {standard_task_runner.py:72} INFO - Started process 1142 to run task
[2026-03-14T18:51:16.825+0000] {task_command.py:467} INFO - Running <TaskInstance: transaction_pipeline_practice.branch manual__2026-03-14T18:45:13.766439+00:00 [running]> on host 61b0a8b473fb
[2026-03-14T18:51:17.063+0000] {taskinstance.py:3134} INFO - Exporting env vars: AIRFLOW_CTX_DAG_OWNER='data_engineer' AIRFLOW_CTX_DAG_ID='transaction_pipeline_practice' AIRFLOW_CTX_TASK_ID='branch' AIRFLOW_CTX_EXECUTION_DATE='2026-03-14T18:45:13.766439+00:00' AIRFLOW_CTX_TRY_NUMBER='2' AIRFLOW_CTX_DAG_RUN_ID='manual__2026-03-14T18:45:13.766439+00:00'
[2026-03-14T18:51:17.065+0000] {taskinstance.py:732} INFO - ::endgroup::
[2026-03-14T18:51:17.088+0000] {baseoperator.py:423} WARNING - BranchPythonOperator.execute cannot be called outside TaskInstance!
[2026-03-14T18:51:17.121+0000] {base.py:84} INFO - Retrieving connection 'pg_conn_test'
[2026-03-14T18:51:17.138+0000] {sql.py:511} INFO - Running statement: SELECT COUNT(*) FROM public.transactions WHERE transaction_date = '2026-03-14';, parameters: None
[2026-03-14T18:51:17.143+0000] {sql.py:520} INFO - Rows affected: 1
[2026-03-14T18:51:17.154+0000] {logging_mixin.py:190} WARNING - /home/***/.local/lib/python3.12/site-packages/***/providers/common/sql/hooks/sql.py:470 DeprecationWarning: Import of fetch_one_handler from the '***.providers.common.sql.hooks' module is deprecated and will
be removed in the future. Please import it from '***.providers.common.sql.hooks.handlers'.
[2026-03-14T18:51:17.157+0000] {logging_mixin.py:190} WARNING - /home/***/.local/lib/python3.12/site-packages/***/providers/common/sql/hooks/sql.py:471 DeprecationWarning: Import of return_single_query_results from the '***.providers.common.sql.hooks' module is deprecated and will
be removed in the future. Please import it from '***.providers.common.sql.hooks.handlers'.
[2026-03-14T18:51:17.160+0000] {logging_mixin.py:190} WARNING - /home/***/.local/lib/python3.12/site-packages/***/providers/common/sql/hooks/sql.py:486 DeprecationWarning: Import of return_single_query_results from the '***.providers.common.sql.hooks' module is deprecated and will
be removed in the future. Please import it from '***.providers.common.sql.hooks.handlers'.
[2026-03-14T18:51:17.161+0000] {logging_mixin.py:190} INFO - Tarix: 2026-03-14 üzrə sətir sayı: 1
[2026-03-14T18:51:17.162+0000] {python.py:240} INFO - Done. Returned value was: fail_task
[2026-03-14T18:51:17.163+0000] {branch.py:38} INFO - Branch into fail_task
[2026-03-14T18:51:17.165+0000] {skipmixin.py:233} INFO - Following branch ('fail_task',)
[2026-03-14T18:51:17.200+0000] {skipmixin.py:281} INFO - Skipping tasks [('load_to_minio', -1)]
[2026-03-14T18:51:17.291+0000] {taskinstance.py:341} INFO - ::group::Post task execution logs
[2026-03-14T18:51:17.292+0000] {taskinstance.py:353} INFO - Marking task as SUCCESS. dag_id=transaction_pipeline_practice, task_id=branch, run_id=manual__2026-03-14T18:45:13.766439+00:00, execution_date=20260314T184513, start_date=20260314T185116, end_date=20260314T185117
[2026-03-14T18:51:17.409+0000] {local_task_job_runner.py:266} INFO - Task exited with return code 0
[2026-03-14T18:51:17.487+0000] {taskinstance.py:3901} INFO - 1 downstream tasks scheduled from follow-on schedule check
[2026-03-14T18:51:17.490+0000] {local_task_job_runner.py:245} INFO - ::endgroup::
