[2026-03-14T18:52:04.530+0000] {local_task_job_runner.py:123} INFO - ::group::Pre task execution logs
[2026-03-14T18:52:04.748+0000] {taskinstance.py:2614} INFO - Dependencies all met for dep_context=non-requeueable deps ti=<TaskInstance: transaction_pipeline_practice.fail_task manual__2026-03-14T18:41:38.643517+00:00 [queued]>
[2026-03-14T18:52:04.849+0000] {taskinstance.py:2614} INFO - Dependencies all met for dep_context=requeueable deps ti=<TaskInstance: transaction_pipeline_practice.fail_task manual__2026-03-14T18:41:38.643517+00:00 [queued]>
[2026-03-14T18:52:04.861+0000] {taskinstance.py:2867} INFO - Starting attempt 1 of 1
[2026-03-14T18:52:05.003+0000] {taskinstance.py:2890} INFO - Executing <Task(PythonOperator): fail_task> on 2026-03-14 18:41:38.643517+00:00
[2026-03-14T18:52:05.052+0000] {standard_task_runner.py:104} INFO - Running: ['***', 'tasks', 'run', 'transaction_pipeline_practice', 'fail_task', 'manual__2026-03-14T18:41:38.643517+00:00', '--job-id', '50', '--raw', '--subdir', 'DAGS_FOLDER/practice.py', '--cfg-path', '/tmp/tmpdcidav44']
[2026-03-14T18:52:05.063+0000] {standard_task_runner.py:105} INFO - Job 50: Subtask fail_task
[2026-03-14T18:52:05.071+0000] {logging_mixin.py:190} WARNING - /home/***/.local/lib/python3.12/site-packages/***/task/task_runner/standard_task_runner.py:70 DeprecationWarning: This process (pid=1185) is multi-threaded, use of fork() may lead to deadlocks in the child.
[2026-03-14T18:52:05.079+0000] {standard_task_runner.py:72} INFO - Started process 1186 to run task
[2026-03-14T18:52:05.466+0000] {task_command.py:467} INFO - Running <TaskInstance: transaction_pipeline_practice.fail_task manual__2026-03-14T18:41:38.643517+00:00 [running]> on host 61b0a8b473fb
[2026-03-14T18:52:06.008+0000] {taskinstance.py:3134} INFO - Exporting env vars: AIRFLOW_CTX_DAG_OWNER='data_engineer' AIRFLOW_CTX_DAG_ID='transaction_pipeline_practice' AIRFLOW_CTX_TASK_ID='fail_task' AIRFLOW_CTX_EXECUTION_DATE='2026-03-14T18:41:38.643517+00:00' AIRFLOW_CTX_TRY_NUMBER='1' AIRFLOW_CTX_DAG_RUN_ID='manual__2026-03-14T18:41:38.643517+00:00'
[2026-03-14T18:52:06.012+0000] {taskinstance.py:732} INFO - ::endgroup::
[2026-03-14T18:52:06.077+0000] {taskinstance.py:3313} ERROR - Task failed with exception
Traceback (most recent call last):
  File "/home/airflow/.local/lib/python3.12/site-packages/airflow/models/taskinstance.py", line 768, in _execute_task
    result = _execute_callable(context=context, **execute_callable_kwargs)
             ^^^^^^^^^^^^^^^^^^^^^^^^^^^^^^^^^^^^^^^^^^^^^^^^^^^^^^^^^^^^^
  File "/home/airflow/.local/lib/python3.12/site-packages/airflow/models/taskinstance.py", line 734, in _execute_callable
    return ExecutionCallableRunner(
           ^^^^^^^^^^^^^^^^^^^^^^^^
  File "/home/airflow/.local/lib/python3.12/site-packages/airflow/utils/operator_helpers.py", line 252, in run
    return self.func(*args, **kwargs)
           ^^^^^^^^^^^^^^^^^^^^^^^^^^
  File "/home/airflow/.local/lib/python3.12/site-packages/airflow/models/baseoperator.py", line 424, in wrapper
    return func(self, *args, **kwargs)
           ^^^^^^^^^^^^^^^^^^^^^^^^^^^
  File "/home/airflow/.local/lib/python3.12/site-packages/airflow/operators/python.py", line 238, in execute
    return_value = self.execute_callable()
                   ^^^^^^^^^^^^^^^^^^^^^^^
  File "/home/airflow/.local/lib/python3.12/site-packages/airflow/operators/python.py", line 256, in execute_callable
    return runner.run(*self.op_args, **self.op_kwargs)
           ^^^^^^^^^^^^^^^^^^^^^^^^^^^^^^^^^^^^^^^^^^^
  File "/home/airflow/.local/lib/python3.12/site-packages/airflow/utils/operator_helpers.py", line 252, in run
    return self.func(*args, **kwargs)
           ^^^^^^^^^^^^^^^^^^^^^^^^^^
  File "/opt/airflow/dags/practice.py", line 37, in force_failure
    raise AirflowFailException("Şərt ödənmədi: Sətir sayı 2-dən çox olmalıdır.")
airflow.exceptions.AirflowFailException: Şərt ödənmədi: Sətir sayı 2-dən çox olmalıdır.
[2026-03-14T18:52:06.151+0000] {taskinstance.py:1226} INFO - Immediate failure requested. Marking task as FAILED. dag_id=transaction_pipeline_practice, task_id=fail_task, run_id=manual__2026-03-14T18:41:38.643517+00:00, execution_date=20260314T184138, start_date=20260314T185204, end_date=20260314T185206
[2026-03-14T18:52:06.153+0000] {taskinstance.py:1564} INFO - Executing callback at index 0: failure_callback_message
[2026-03-14T18:52:06.155+0000] {logging_mixin.py:190} INFO - Xəta: fail_task 2026-03-14 18:41:38.643517+00:00.
[2026-03-14T18:52:06.404+0000] {taskinstance.py:341} INFO - ::group::Post task execution logs
[2026-03-14T18:52:06.407+0000] {standard_task_runner.py:124} ERROR - Failed to execute job 50 for task fail_task (Şərt ödənmədi: Sətir sayı 2-dən çox olmalıdır.; 1186)
Traceback (most recent call last):
  File "/home/airflow/.local/lib/python3.12/site-packages/airflow/task/task_runner/standard_task_runner.py", line 117, in _start_by_fork
    ret = args.func(args, dag=self.dag)
          ^^^^^^^^^^^^^^^^^^^^^^^^^^^^^
  File "/home/airflow/.local/lib/python3.12/site-packages/airflow/cli/cli_config.py", line 49, in command
    return func(*args, **kwargs)
           ^^^^^^^^^^^^^^^^^^^^^
  File "/home/airflow/.local/lib/python3.12/site-packages/airflow/utils/cli.py", line 116, in wrapper
    return f(*args, **kwargs)
           ^^^^^^^^^^^^^^^^^^
  File "/home/airflow/.local/lib/python3.12/site-packages/airflow/cli/commands/task_command.py", line 483, in task_run
    task_return_code = _run_task_by_selected_method(args, _dag, ti)
                       ^^^^^^^^^^^^^^^^^^^^^^^^^^^^^^^^^^^^^^^^^^^^
  File "/home/airflow/.local/lib/python3.12/site-packages/airflow/cli/commands/task_command.py", line 256, in _run_task_by_selected_method
    return _run_raw_task(args, ti)
           ^^^^^^^^^^^^^^^^^^^^^^^
  File "/home/airflow/.local/lib/python3.12/site-packages/airflow/cli/commands/task_command.py", line 341, in _run_raw_task
    return ti._run_raw_task(
           ^^^^^^^^^^^^^^^^^
  File "/home/airflow/.local/lib/python3.12/site-packages/airflow/utils/session.py", line 97, in wrapper
    return func(*args, session=session, **kwargs)
           ^^^^^^^^^^^^^^^^^^^^^^^^^^^^^^^^^^^^^^
  File "/home/airflow/.local/lib/python3.12/site-packages/airflow/models/taskinstance.py", line 3006, in _run_raw_task
    return _run_raw_task(
           ^^^^^^^^^^^^^^
  File "/home/airflow/.local/lib/python3.12/site-packages/airflow/models/taskinstance.py", line 274, in _run_raw_task
    TaskInstance._execute_task_with_callbacks(
  File "/home/airflow/.local/lib/python3.12/site-packages/airflow/models/taskinstance.py", line 3161, in _execute_task_with_callbacks
    result = self._execute_task(context, task_orig)
             ^^^^^^^^^^^^^^^^^^^^^^^^^^^^^^^^^^^^^^
  File "/home/airflow/.local/lib/python3.12/site-packages/airflow/models/taskinstance.py", line 3185, in _execute_task
    return _execute_task(self, context, task_orig)
           ^^^^^^^^^^^^^^^^^^^^^^^^^^^^^^^^^^^^^^^
  File "/home/airflow/.local/lib/python3.12/site-packages/airflow/models/taskinstance.py", line 768, in _execute_task
    result = _execute_callable(context=context, **execute_callable_kwargs)
             ^^^^^^^^^^^^^^^^^^^^^^^^^^^^^^^^^^^^^^^^^^^^^^^^^^^^^^^^^^^^^
  File "/home/airflow/.local/lib/python3.12/site-packages/airflow/models/taskinstance.py", line 734, in _execute_callable
    return ExecutionCallableRunner(
           ^^^^^^^^^^^^^^^^^^^^^^^^
  File "/home/airflow/.local/lib/python3.12/site-packages/airflow/utils/operator_helpers.py", line 252, in run
    return self.func(*args, **kwargs)
           ^^^^^^^^^^^^^^^^^^^^^^^^^^
  File "/home/airflow/.local/lib/python3.12/site-packages/airflow/models/baseoperator.py", line 424, in wrapper
    return func(self, *args, **kwargs)
           ^^^^^^^^^^^^^^^^^^^^^^^^^^^
  File "/home/airflow/.local/lib/python3.12/site-packages/airflow/operators/python.py", line 238, in execute
    return_value = self.execute_callable()
                   ^^^^^^^^^^^^^^^^^^^^^^^
  File "/home/airflow/.local/lib/python3.12/site-packages/airflow/operators/python.py", line 256, in execute_callable
    return runner.run(*self.op_args, **self.op_kwargs)
           ^^^^^^^^^^^^^^^^^^^^^^^^^^^^^^^^^^^^^^^^^^^
  File "/home/airflow/.local/lib/python3.12/site-packages/airflow/utils/operator_helpers.py", line 252, in run
    return self.func(*args, **kwargs)
           ^^^^^^^^^^^^^^^^^^^^^^^^^^
  File "/opt/airflow/dags/practice.py", line 37, in force_failure
    raise AirflowFailException("Şərt ödənmədi: Sətir sayı 2-dən çox olmalıdır.")
airflow.exceptions.AirflowFailException: Şərt ödənmədi: Sətir sayı 2-dən çox olmalıdır.
[2026-03-14T18:52:06.491+0000] {local_task_job_runner.py:266} INFO - Task exited with return code 1
[2026-03-14T18:52:06.614+0000] {taskinstance.py:3901} INFO - 0 downstream tasks scheduled from follow-on schedule check
[2026-03-14T18:52:06.620+0000] {local_task_job_runner.py:245} INFO - ::endgroup::
