[2026-03-14T19:25:12.706+0000] {local_task_job_runner.py:123} INFO - ::group::Pre task execution logs
[2026-03-14T19:25:12.762+0000] {taskinstance.py:2614} INFO - Dependencies all met for dep_context=non-requeueable deps ti=<TaskInstance: transaction_pipeline_practice.load_to_minio manual__2026-03-14T19:25:06.819196+00:00 [queued]>
[2026-03-14T19:25:12.781+0000] {taskinstance.py:2614} INFO - Dependencies all met for dep_context=requeueable deps ti=<TaskInstance: transaction_pipeline_practice.load_to_minio manual__2026-03-14T19:25:06.819196+00:00 [queued]>
[2026-03-14T19:25:12.782+0000] {taskinstance.py:2867} INFO - Starting attempt 1 of 1
[2026-03-14T19:25:12.806+0000] {taskinstance.py:2890} INFO - Executing <Task(BashOperator): load_to_minio> on 2026-03-14 19:25:06.819196+00:00
[2026-03-14T19:25:12.821+0000] {logging_mixin.py:190} WARNING - /home/***/.local/lib/python3.12/site-packages/***/task/task_runner/standard_task_runner.py:70 DeprecationWarning: This process (pid=1950) is multi-threaded, use of fork() may lead to deadlocks in the child.
[2026-03-14T19:25:12.824+0000] {standard_task_runner.py:72} INFO - Started process 1951 to run task
[2026-03-14T19:25:12.821+0000] {standard_task_runner.py:104} INFO - Running: ['***', 'tasks', 'run', 'transaction_pipeline_practice', 'load_to_minio', 'manual__2026-03-14T19:25:06.819196+00:00', '--job-id', '62', '--raw', '--subdir', 'DAGS_FOLDER/practice.py', '--cfg-path', '/tmp/tmp65vswd0c']
[2026-03-14T19:25:12.826+0000] {standard_task_runner.py:105} INFO - Job 62: Subtask load_to_minio
[2026-03-14T19:25:12.963+0000] {task_command.py:467} INFO - Running <TaskInstance: transaction_pipeline_practice.load_to_minio manual__2026-03-14T19:25:06.819196+00:00 [running]> on host 61b0a8b473fb
[2026-03-14T19:25:13.156+0000] {taskinstance.py:3134} INFO - Exporting env vars: AIRFLOW_CTX_DAG_OWNER='data_engineer' AIRFLOW_CTX_DAG_ID='transaction_pipeline_practice' AIRFLOW_CTX_TASK_ID='load_to_minio' AIRFLOW_CTX_EXECUTION_DATE='2026-03-14T19:25:06.819196+00:00' AIRFLOW_CTX_TRY_NUMBER='1' AIRFLOW_CTX_DAG_RUN_ID='manual__2026-03-14T19:25:06.819196+00:00'
[2026-03-14T19:25:13.158+0000] {taskinstance.py:732} INFO - ::endgroup::
[2026-03-14T19:25:13.181+0000] {subprocess.py:78} INFO - Tmp dir root location: /tmp
[2026-03-14T19:25:13.184+0000] {subprocess.py:88} INFO - Running command: ['/usr/bin/bash', '-c', 'spark-submit /opt/***/files/spark_job.py 2026-03-14']
[2026-03-14T19:25:13.200+0000] {subprocess.py:99} INFO - Output:
[2026-03-14T19:25:20.407+0000] {subprocess.py:106} INFO - 26/03/14 19:25:20 INFO SparkContext: Running Spark version 3.5.6
[2026-03-14T19:25:20.413+0000] {subprocess.py:106} INFO - 26/03/14 19:25:20 INFO SparkContext: OS info Linux, 6.6.87.2-microsoft-standard-WSL2, amd64
[2026-03-14T19:25:20.416+0000] {subprocess.py:106} INFO - 26/03/14 19:25:20 INFO SparkContext: Java version 17.0.18
[2026-03-14T19:25:20.548+0000] {subprocess.py:106} INFO - 26/03/14 19:25:20 WARN NativeCodeLoader: Unable to load native-hadoop library for your platform... using builtin-java classes where applicable
[2026-03-14T19:25:20.759+0000] {subprocess.py:106} INFO - 26/03/14 19:25:20 INFO ResourceUtils: ==============================================================
[2026-03-14T19:25:20.760+0000] {subprocess.py:106} INFO - 26/03/14 19:25:20 INFO ResourceUtils: No custom resources configured for spark.driver.
[2026-03-14T19:25:20.763+0000] {subprocess.py:106} INFO - 26/03/14 19:25:20 INFO ResourceUtils: ==============================================================
[2026-03-14T19:25:20.764+0000] {subprocess.py:106} INFO - 26/03/14 19:25:20 INFO SparkContext: Submitted application: PostgresToMinioDelta
[2026-03-14T19:25:20.803+0000] {subprocess.py:106} INFO - 26/03/14 19:25:20 INFO ResourceProfile: Default ResourceProfile created, executor resources: Map(cores -> name: cores, amount: 1, script: , vendor: , memory -> name: memory, amount: 1024, script: , vendor: , offHeap -> name: offHeap, amount: 0, script: , vendor: ), task resources: Map(cpus -> name: cpus, amount: 1.0)
[2026-03-14T19:25:20.815+0000] {subprocess.py:106} INFO - 26/03/14 19:25:20 INFO ResourceProfile: Limiting resource is cpu
[2026-03-14T19:25:20.817+0000] {subprocess.py:106} INFO - 26/03/14 19:25:20 INFO ResourceProfileManager: Added ResourceProfile id: 0
[2026-03-14T19:25:20.963+0000] {subprocess.py:106} INFO - 26/03/14 19:25:20 INFO SecurityManager: Changing view acls to: ***
[2026-03-14T19:25:20.966+0000] {subprocess.py:106} INFO - 26/03/14 19:25:20 INFO SecurityManager: Changing modify acls to: ***
[2026-03-14T19:25:20.967+0000] {subprocess.py:106} INFO - 26/03/14 19:25:20 INFO SecurityManager: Changing view acls groups to:
[2026-03-14T19:25:20.971+0000] {subprocess.py:106} INFO - 26/03/14 19:25:20 INFO SecurityManager: Changing modify acls groups to:
[2026-03-14T19:25:20.972+0000] {subprocess.py:106} INFO - 26/03/14 19:25:20 INFO SecurityManager: SecurityManager: authentication disabled; ui acls disabled; users with view permissions: ***; groups with view permissions: EMPTY; users with modify permissions: ***; groups with modify permissions: EMPTY
[2026-03-14T19:25:21.695+0000] {subprocess.py:106} INFO - 26/03/14 19:25:21 INFO Utils: Successfully started service 'sparkDriver' on port 43549.
[2026-03-14T19:25:21.927+0000] {subprocess.py:106} INFO - 26/03/14 19:25:21 INFO SparkEnv: Registering MapOutputTracker
[2026-03-14T19:25:22.046+0000] {subprocess.py:106} INFO - 26/03/14 19:25:22 INFO SparkEnv: Registering BlockManagerMaster
[2026-03-14T19:25:22.152+0000] {subprocess.py:106} INFO - 26/03/14 19:25:22 INFO BlockManagerMasterEndpoint: Using org.apache.spark.storage.DefaultTopologyMapper for getting topology information
[2026-03-14T19:25:22.154+0000] {subprocess.py:106} INFO - 26/03/14 19:25:22 INFO BlockManagerMasterEndpoint: BlockManagerMasterEndpoint up
[2026-03-14T19:25:22.166+0000] {subprocess.py:106} INFO - 26/03/14 19:25:22 INFO SparkEnv: Registering BlockManagerMasterHeartbeat
[2026-03-14T19:25:22.230+0000] {subprocess.py:106} INFO - 26/03/14 19:25:22 INFO DiskBlockManager: Created local directory at /tmp/blockmgr-eecc0878-8e0f-4079-8012-a31e45de91e7
[2026-03-14T19:25:22.259+0000] {subprocess.py:106} INFO - 26/03/14 19:25:22 INFO MemoryStore: MemoryStore started with capacity 434.4 MiB
[2026-03-14T19:25:22.328+0000] {subprocess.py:106} INFO - 26/03/14 19:25:22 INFO SparkEnv: Registering OutputCommitCoordinator
[2026-03-14T19:25:22.788+0000] {subprocess.py:106} INFO - 26/03/14 19:25:22 INFO JettyUtils: Start Jetty 0.0.0.0:4040 for SparkUI
[2026-03-14T19:25:22.981+0000] {subprocess.py:106} INFO - 26/03/14 19:25:22 INFO Utils: Successfully started service 'SparkUI' on port 4040.
[2026-03-14T19:25:23.102+0000] {subprocess.py:106} INFO - 26/03/14 19:25:23 INFO SparkContext: Added JAR /opt/spark/jars/delta-spark_2.12-3.1.0.jar at spark://61b0a8b473fb:43549/jars/delta-spark_2.12-3.1.0.jar with timestamp 1773516320387
[2026-03-14T19:25:23.103+0000] {subprocess.py:106} INFO - 26/03/14 19:25:23 INFO SparkContext: Added JAR /opt/spark/jars/delta-storage-3.1.0.jar at spark://61b0a8b473fb:43549/jars/delta-storage-3.1.0.jar with timestamp 1773516320387
[2026-03-14T19:25:23.105+0000] {subprocess.py:106} INFO - 26/03/14 19:25:23 INFO SparkContext: Added JAR /opt/spark/jars/postgresql-42.7.3.jar at spark://61b0a8b473fb:43549/jars/postgresql-42.7.3.jar with timestamp 1773516320387
[2026-03-14T19:25:23.106+0000] {subprocess.py:106} INFO - 26/03/14 19:25:23 INFO SparkContext: Added JAR /opt/spark/jars/hadoop-aws-3.3.4.jar at spark://61b0a8b473fb:43549/jars/hadoop-aws-3.3.4.jar with timestamp 1773516320387
[2026-03-14T19:25:23.107+0000] {subprocess.py:106} INFO - 26/03/14 19:25:23 INFO SparkContext: Added JAR /opt/spark/jars/aws-java-sdk-bundle-1.12.262.jar at spark://61b0a8b473fb:43549/jars/aws-java-sdk-bundle-1.12.262.jar with timestamp 1773516320387
[2026-03-14T19:25:23.293+0000] {subprocess.py:106} INFO - 26/03/14 19:25:23 INFO Executor: Starting executor ID driver on host 61b0a8b473fb
[2026-03-14T19:25:23.295+0000] {subprocess.py:106} INFO - 26/03/14 19:25:23 INFO Executor: OS info Linux, 6.6.87.2-microsoft-standard-WSL2, amd64
[2026-03-14T19:25:23.296+0000] {subprocess.py:106} INFO - 26/03/14 19:25:23 INFO Executor: Java version 17.0.18
[2026-03-14T19:25:23.306+0000] {subprocess.py:106} INFO - 26/03/14 19:25:23 INFO Executor: Starting executor with user classpath (userClassPathFirst = false): ''
[2026-03-14T19:25:23.307+0000] {subprocess.py:106} INFO - 26/03/14 19:25:23 INFO Executor: Created or updated repl class loader org.apache.spark.util.MutableURLClassLoader@47ae5928 for default.
[2026-03-14T19:25:23.329+0000] {subprocess.py:106} INFO - 26/03/14 19:25:23 INFO Executor: Fetching spark://61b0a8b473fb:43549/jars/hadoop-aws-3.3.4.jar with timestamp 1773516320387
[2026-03-14T19:25:23.433+0000] {subprocess.py:106} INFO - 26/03/14 19:25:23 INFO TransportClientFactory: Successfully created connection to 61b0a8b473fb/172.19.0.5:43549 after 45 ms (0 ms spent in bootstraps)
[2026-03-14T19:25:23.446+0000] {subprocess.py:106} INFO - 26/03/14 19:25:23 INFO Utils: Fetching spark://61b0a8b473fb:43549/jars/hadoop-aws-3.3.4.jar to /tmp/spark-242ba35d-5f04-4a9a-ad6a-9fbbb85f2b0a/userFiles-6b017471-a4ef-4ca5-9789-ff86b7becf10/fetchFileTemp12845539819139559701.tmp
[2026-03-14T19:25:23.526+0000] {subprocess.py:106} INFO - 26/03/14 19:25:23 INFO Executor: Adding file:/tmp/spark-242ba35d-5f04-4a9a-ad6a-9fbbb85f2b0a/userFiles-6b017471-a4ef-4ca5-9789-ff86b7becf10/hadoop-aws-3.3.4.jar to class loader default
[2026-03-14T19:25:23.528+0000] {subprocess.py:106} INFO - 26/03/14 19:25:23 INFO Executor: Fetching spark://61b0a8b473fb:43549/jars/delta-spark_2.12-3.1.0.jar with timestamp 1773516320387
[2026-03-14T19:25:23.534+0000] {subprocess.py:106} INFO - 26/03/14 19:25:23 INFO Utils: Fetching spark://61b0a8b473fb:43549/jars/delta-spark_2.12-3.1.0.jar to /tmp/spark-242ba35d-5f04-4a9a-ad6a-9fbbb85f2b0a/userFiles-6b017471-a4ef-4ca5-9789-ff86b7becf10/fetchFileTemp8516641888177523879.tmp
[2026-03-14T19:25:23.620+0000] {subprocess.py:106} INFO - 26/03/14 19:25:23 INFO Executor: Adding file:/tmp/spark-242ba35d-5f04-4a9a-ad6a-9fbbb85f2b0a/userFiles-6b017471-a4ef-4ca5-9789-ff86b7becf10/delta-spark_2.12-3.1.0.jar to class loader default
[2026-03-14T19:25:23.621+0000] {subprocess.py:106} INFO - 26/03/14 19:25:23 INFO Executor: Fetching spark://61b0a8b473fb:43549/jars/delta-storage-3.1.0.jar with timestamp 1773516320387
[2026-03-14T19:25:23.622+0000] {subprocess.py:106} INFO - 26/03/14 19:25:23 INFO Utils: Fetching spark://61b0a8b473fb:43549/jars/delta-storage-3.1.0.jar to /tmp/spark-242ba35d-5f04-4a9a-ad6a-9fbbb85f2b0a/userFiles-6b017471-a4ef-4ca5-9789-ff86b7becf10/fetchFileTemp9206775348939154493.tmp
[2026-03-14T19:25:23.645+0000] {subprocess.py:106} INFO - 26/03/14 19:25:23 INFO Executor: Adding file:/tmp/spark-242ba35d-5f04-4a9a-ad6a-9fbbb85f2b0a/userFiles-6b017471-a4ef-4ca5-9789-ff86b7becf10/delta-storage-3.1.0.jar to class loader default
[2026-03-14T19:25:23.646+0000] {subprocess.py:106} INFO - 26/03/14 19:25:23 INFO Executor: Fetching spark://61b0a8b473fb:43549/jars/aws-java-sdk-bundle-1.12.262.jar with timestamp 1773516320387
[2026-03-14T19:25:23.650+0000] {subprocess.py:106} INFO - 26/03/14 19:25:23 INFO Utils: Fetching spark://61b0a8b473fb:43549/jars/aws-java-sdk-bundle-1.12.262.jar to /tmp/spark-242ba35d-5f04-4a9a-ad6a-9fbbb85f2b0a/userFiles-6b017471-a4ef-4ca5-9789-ff86b7becf10/fetchFileTemp17132747352016229693.tmp
[2026-03-14T19:25:25.793+0000] {subprocess.py:106} INFO - 26/03/14 19:25:25 INFO Executor: Adding file:/tmp/spark-242ba35d-5f04-4a9a-ad6a-9fbbb85f2b0a/userFiles-6b017471-a4ef-4ca5-9789-ff86b7becf10/aws-java-sdk-bundle-1.12.262.jar to class loader default
[2026-03-14T19:25:25.795+0000] {subprocess.py:106} INFO - 26/03/14 19:25:25 INFO Executor: Fetching spark://61b0a8b473fb:43549/jars/postgresql-42.7.3.jar with timestamp 1773516320387
[2026-03-14T19:25:25.797+0000] {subprocess.py:106} INFO - 26/03/14 19:25:25 INFO Utils: Fetching spark://61b0a8b473fb:43549/jars/postgresql-42.7.3.jar to /tmp/spark-242ba35d-5f04-4a9a-ad6a-9fbbb85f2b0a/userFiles-6b017471-a4ef-4ca5-9789-ff86b7becf10/fetchFileTemp6955615824059257679.tmp
[2026-03-14T19:25:25.883+0000] {subprocess.py:106} INFO - 26/03/14 19:25:25 INFO Executor: Adding file:/tmp/spark-242ba35d-5f04-4a9a-ad6a-9fbbb85f2b0a/userFiles-6b017471-a4ef-4ca5-9789-ff86b7becf10/postgresql-42.7.3.jar to class loader default
[2026-03-14T19:25:25.925+0000] {subprocess.py:106} INFO - 26/03/14 19:25:25 INFO Utils: Successfully started service 'org.apache.spark.network.netty.NettyBlockTransferService' on port 39523.
[2026-03-14T19:25:25.927+0000] {subprocess.py:106} INFO - 26/03/14 19:25:25 INFO NettyBlockTransferService: Server created on 61b0a8b473fb:39523
[2026-03-14T19:25:25.948+0000] {subprocess.py:106} INFO - 26/03/14 19:25:25 INFO BlockManager: Using org.apache.spark.storage.RandomBlockReplicationPolicy for block replication policy
[2026-03-14T19:25:25.995+0000] {subprocess.py:106} INFO - 26/03/14 19:25:25 INFO BlockManagerMaster: Registering BlockManager BlockManagerId(driver, 61b0a8b473fb, 39523, None)
[2026-03-14T19:25:26.007+0000] {subprocess.py:106} INFO - 26/03/14 19:25:26 INFO BlockManagerMasterEndpoint: Registering block manager 61b0a8b473fb:39523 with 434.4 MiB RAM, BlockManagerId(driver, 61b0a8b473fb, 39523, None)
[2026-03-14T19:25:26.019+0000] {subprocess.py:106} INFO - 26/03/14 19:25:26 INFO BlockManagerMaster: Registered BlockManager BlockManagerId(driver, 61b0a8b473fb, 39523, None)
[2026-03-14T19:25:26.022+0000] {subprocess.py:106} INFO - 26/03/14 19:25:26 INFO BlockManager: Initialized BlockManager: BlockManagerId(driver, 61b0a8b473fb, 39523, None)
[2026-03-14T19:25:27.539+0000] {subprocess.py:106} INFO - 26/03/14 19:25:27 WARN SparkSession: Cannot use io.delta.sql.DeltaSparkSessionExtension to configure session extensions.
[2026-03-14T19:25:27.540+0000] {subprocess.py:106} INFO - java.lang.ClassNotFoundException: io.delta.sql.DeltaSparkSessionExtension
[2026-03-14T19:25:27.542+0000] {subprocess.py:106} INFO - 	at java.base/java.net.URLClassLoader.findClass(URLClassLoader.java:445)
[2026-03-14T19:25:27.542+0000] {subprocess.py:106} INFO - 	at java.base/java.lang.ClassLoader.loadClass(ClassLoader.java:592)
[2026-03-14T19:25:27.544+0000] {subprocess.py:106} INFO - 	at java.base/java.lang.ClassLoader.loadClass(ClassLoader.java:525)
[2026-03-14T19:25:27.545+0000] {subprocess.py:106} INFO - 	at java.base/java.lang.Class.forName0(Native Method)
[2026-03-14T19:25:27.546+0000] {subprocess.py:106} INFO - 	at java.base/java.lang.Class.forName(Class.java:469)
[2026-03-14T19:25:27.546+0000] {subprocess.py:106} INFO - 	at org.apache.spark.util.SparkClassUtils.classForName(SparkClassUtils.scala:41)
[2026-03-14T19:25:27.547+0000] {subprocess.py:106} INFO - 	at org.apache.spark.util.SparkClassUtils.classForName$(SparkClassUtils.scala:36)
[2026-03-14T19:25:27.548+0000] {subprocess.py:106} INFO - 	at org.apache.spark.util.Utils$.classForName(Utils.scala:94)
[2026-03-14T19:25:27.550+0000] {subprocess.py:106} INFO - 	at org.apache.spark.sql.SparkSession$.$anonfun$applyExtensions$2(SparkSession.scala:1367)
[2026-03-14T19:25:27.551+0000] {subprocess.py:106} INFO - 	at org.apache.spark.sql.SparkSession$.$anonfun$applyExtensions$2$adapted(SparkSession.scala:1365)
[2026-03-14T19:25:27.552+0000] {subprocess.py:106} INFO - 	at scala.collection.mutable.ResizableArray.foreach(ResizableArray.scala:62)
[2026-03-14T19:25:27.554+0000] {subprocess.py:106} INFO - 	at scala.collection.mutable.ResizableArray.foreach$(ResizableArray.scala:55)
[2026-03-14T19:25:27.555+0000] {subprocess.py:106} INFO - 	at scala.collection.mutable.ArrayBuffer.foreach(ArrayBuffer.scala:49)
[2026-03-14T19:25:27.556+0000] {subprocess.py:106} INFO - 	at org.apache.spark.sql.SparkSession$.org$apache$spark$sql$SparkSession$$applyExtensions(SparkSession.scala:1365)
[2026-03-14T19:25:27.557+0000] {subprocess.py:106} INFO - 	at org.apache.spark.sql.SparkSession.<init>(SparkSession.scala:105)
[2026-03-14T19:25:27.558+0000] {subprocess.py:106} INFO - 	at java.base/jdk.internal.reflect.NativeConstructorAccessorImpl.newInstance0(Native Method)
[2026-03-14T19:25:27.559+0000] {subprocess.py:106} INFO - 	at java.base/jdk.internal.reflect.NativeConstructorAccessorImpl.newInstance(NativeConstructorAccessorImpl.java:77)
[2026-03-14T19:25:27.560+0000] {subprocess.py:106} INFO - 	at java.base/jdk.internal.reflect.DelegatingConstructorAccessorImpl.newInstance(DelegatingConstructorAccessorImpl.java:45)
[2026-03-14T19:25:27.561+0000] {subprocess.py:106} INFO - 	at java.base/java.lang.reflect.Constructor.newInstanceWithCaller(Constructor.java:500)
[2026-03-14T19:25:27.562+0000] {subprocess.py:106} INFO - 	at java.base/java.lang.reflect.Constructor.newInstance(Constructor.java:481)
[2026-03-14T19:25:27.562+0000] {subprocess.py:106} INFO - 	at py4j.reflection.MethodInvoker.invoke(MethodInvoker.java:247)
[2026-03-14T19:25:27.563+0000] {subprocess.py:106} INFO - 	at py4j.reflection.ReflectionEngine.invoke(ReflectionEngine.java:374)
[2026-03-14T19:25:27.564+0000] {subprocess.py:106} INFO - 	at py4j.Gateway.invoke(Gateway.java:238)
[2026-03-14T19:25:27.565+0000] {subprocess.py:106} INFO - 	at py4j.commands.ConstructorCommand.invokeConstructor(ConstructorCommand.java:80)
[2026-03-14T19:25:27.566+0000] {subprocess.py:106} INFO - 	at py4j.commands.ConstructorCommand.execute(ConstructorCommand.java:69)
[2026-03-14T19:25:27.567+0000] {subprocess.py:106} INFO - 	at py4j.ClientServerConnection.waitForCommands(ClientServerConnection.java:182)
[2026-03-14T19:25:27.568+0000] {subprocess.py:106} INFO - 	at py4j.ClientServerConnection.run(ClientServerConnection.java:106)
[2026-03-14T19:25:27.569+0000] {subprocess.py:106} INFO - 	at java.base/java.lang.Thread.run(Thread.java:840)
[2026-03-14T19:25:27.697+0000] {subprocess.py:106} INFO - 26/03/14 19:25:27 INFO SharedState: Setting hive.metastore.warehouse.dir ('null') to the value of spark.sql.warehouse.dir.
[2026-03-14T19:25:27.711+0000] {subprocess.py:106} INFO - 26/03/14 19:25:27 INFO SharedState: Warehouse path is 'file:/tmp/***tmpj61nq35n/spark-warehouse'.
[2026-03-14T19:25:29.418+0000] {subprocess.py:106} INFO - Traceback (most recent call last):
[2026-03-14T19:25:29.419+0000] {subprocess.py:106} INFO -   File "/opt/***/files/spark_job.py", line 58, in <module>
[2026-03-14T19:25:29.423+0000] {subprocess.py:106} INFO -     process_data(execution_date)
[2026-03-14T19:25:29.424+0000] {subprocess.py:106} INFO -   File "/opt/***/files/spark_job.py", line 40, in process_data
[2026-03-14T19:25:29.427+0000] {subprocess.py:106} INFO -     .load()
[2026-03-14T19:25:29.428+0000] {subprocess.py:106} INFO -      ^^^^^^
[2026-03-14T19:25:29.430+0000] {subprocess.py:106} INFO -   File "/home/***/.local/lib/python3.12/site-packages/pyspark/python/lib/pyspark.zip/pyspark/sql/readwriter.py", line 314, in load
[2026-03-14T19:25:29.431+0000] {subprocess.py:106} INFO -   File "/home/***/.local/lib/python3.12/site-packages/pyspark/python/lib/py4j-0.10.9.7-src.zip/py4j/java_gateway.py", line 1322, in __call__
[2026-03-14T19:25:29.432+0000] {subprocess.py:106} INFO -   File "/home/***/.local/lib/python3.12/site-packages/pyspark/python/lib/pyspark.zip/pyspark/errors/exceptions/captured.py", line 179, in deco
[2026-03-14T19:25:29.433+0000] {subprocess.py:106} INFO -   File "/home/***/.local/lib/python3.12/site-packages/pyspark/python/lib/py4j-0.10.9.7-src.zip/py4j/protocol.py", line 326, in get_return_value
[2026-03-14T19:25:29.435+0000] {subprocess.py:106} INFO - py4j.protocol.Py4JJavaError: An error occurred while calling o48.load.
[2026-03-14T19:25:29.436+0000] {subprocess.py:106} INFO - : java.lang.ClassNotFoundException: org.postgresql.Driver
[2026-03-14T19:25:29.438+0000] {subprocess.py:106} INFO - 	at java.base/java.net.URLClassLoader.findClass(URLClassLoader.java:445)
[2026-03-14T19:25:29.439+0000] {subprocess.py:106} INFO - 	at java.base/java.lang.ClassLoader.loadClass(ClassLoader.java:592)
[2026-03-14T19:25:29.440+0000] {subprocess.py:106} INFO - 	at java.base/java.lang.ClassLoader.loadClass(ClassLoader.java:525)
[2026-03-14T19:25:29.442+0000] {subprocess.py:106} INFO - 	at org.apache.spark.sql.execution.datasources.jdbc.DriverRegistry$.register(DriverRegistry.scala:46)
[2026-03-14T19:25:29.443+0000] {subprocess.py:106} INFO - 	at org.apache.spark.sql.execution.datasources.jdbc.JDBCOptions.$anonfun$driverClass$1(JDBCOptions.scala:103)
[2026-03-14T19:25:29.444+0000] {subprocess.py:106} INFO - 	at org.apache.spark.sql.execution.datasources.jdbc.JDBCOptions.$anonfun$driverClass$1$adapted(JDBCOptions.scala:103)
[2026-03-14T19:25:29.445+0000] {subprocess.py:106} INFO - 	at scala.Option.foreach(Option.scala:407)
[2026-03-14T19:25:29.446+0000] {subprocess.py:106} INFO - 	at org.apache.spark.sql.execution.datasources.jdbc.JDBCOptions.<init>(JDBCOptions.scala:103)
[2026-03-14T19:25:29.447+0000] {subprocess.py:106} INFO - 	at org.apache.spark.sql.execution.datasources.jdbc.JDBCOptions.<init>(JDBCOptions.scala:41)
[2026-03-14T19:25:29.447+0000] {subprocess.py:106} INFO - 	at org.apache.spark.sql.execution.datasources.jdbc.JdbcRelationProvider.createRelation(JdbcRelationProvider.scala:34)
[2026-03-14T19:25:29.448+0000] {subprocess.py:106} INFO - 	at org.apache.spark.sql.execution.datasources.DataSource.resolveRelation(DataSource.scala:346)
[2026-03-14T19:25:29.449+0000] {subprocess.py:106} INFO - 	at org.apache.spark.sql.DataFrameReader.loadV1Source(DataFrameReader.scala:229)
[2026-03-14T19:25:29.450+0000] {subprocess.py:106} INFO - 	at org.apache.spark.sql.DataFrameReader.$anonfun$load$2(DataFrameReader.scala:211)
[2026-03-14T19:25:29.452+0000] {subprocess.py:106} INFO - 	at scala.Option.getOrElse(Option.scala:189)
[2026-03-14T19:25:29.453+0000] {subprocess.py:106} INFO - 	at org.apache.spark.sql.DataFrameReader.load(DataFrameReader.scala:211)
[2026-03-14T19:25:29.454+0000] {subprocess.py:106} INFO - 	at org.apache.spark.sql.DataFrameReader.load(DataFrameReader.scala:172)
[2026-03-14T19:25:29.455+0000] {subprocess.py:106} INFO - 	at java.base/jdk.internal.reflect.NativeMethodAccessorImpl.invoke0(Native Method)
[2026-03-14T19:25:29.456+0000] {subprocess.py:106} INFO - 	at java.base/jdk.internal.reflect.NativeMethodAccessorImpl.invoke(NativeMethodAccessorImpl.java:77)
[2026-03-14T19:25:29.457+0000] {subprocess.py:106} INFO - 	at java.base/jdk.internal.reflect.DelegatingMethodAccessorImpl.invoke(DelegatingMethodAccessorImpl.java:43)
[2026-03-14T19:25:29.459+0000] {subprocess.py:106} INFO - 	at java.base/java.lang.reflect.Method.invoke(Method.java:569)
[2026-03-14T19:25:29.460+0000] {subprocess.py:106} INFO - 	at py4j.reflection.MethodInvoker.invoke(MethodInvoker.java:244)
[2026-03-14T19:25:29.461+0000] {subprocess.py:106} INFO - 	at py4j.reflection.ReflectionEngine.invoke(ReflectionEngine.java:374)
[2026-03-14T19:25:29.463+0000] {subprocess.py:106} INFO - 	at py4j.Gateway.invoke(Gateway.java:282)
[2026-03-14T19:25:29.464+0000] {subprocess.py:106} INFO - 	at py4j.commands.AbstractCommand.invokeMethod(AbstractCommand.java:132)
[2026-03-14T19:25:29.465+0000] {subprocess.py:106} INFO - 	at py4j.commands.CallCommand.execute(CallCommand.java:79)
[2026-03-14T19:25:29.466+0000] {subprocess.py:106} INFO - 	at py4j.ClientServerConnection.waitForCommands(ClientServerConnection.java:182)
[2026-03-14T19:25:29.468+0000] {subprocess.py:106} INFO - 	at py4j.ClientServerConnection.run(ClientServerConnection.java:106)
[2026-03-14T19:25:29.469+0000] {subprocess.py:106} INFO - 	at java.base/java.lang.Thread.run(Thread.java:840)
[2026-03-14T19:25:29.473+0000] {subprocess.py:106} INFO - 
[2026-03-14T19:25:29.546+0000] {subprocess.py:106} INFO - 26/03/14 19:25:29 INFO SparkContext: Invoking stop() from shutdown hook
[2026-03-14T19:25:29.547+0000] {subprocess.py:106} INFO - 26/03/14 19:25:29 INFO SparkContext: SparkContext is stopping with exitCode 0.
[2026-03-14T19:25:29.573+0000] {subprocess.py:106} INFO - 26/03/14 19:25:29 INFO SparkUI: Stopped Spark web UI at http://61b0a8b473fb:4040
[2026-03-14T19:25:29.599+0000] {subprocess.py:106} INFO - 26/03/14 19:25:29 INFO MapOutputTrackerMasterEndpoint: MapOutputTrackerMasterEndpoint stopped!
[2026-03-14T19:25:29.626+0000] {subprocess.py:106} INFO - 26/03/14 19:25:29 INFO MemoryStore: MemoryStore cleared
[2026-03-14T19:25:29.627+0000] {subprocess.py:106} INFO - 26/03/14 19:25:29 INFO BlockManager: BlockManager stopped
[2026-03-14T19:25:29.639+0000] {subprocess.py:106} INFO - 26/03/14 19:25:29 INFO BlockManagerMaster: BlockManagerMaster stopped
[2026-03-14T19:25:29.646+0000] {subprocess.py:106} INFO - 26/03/14 19:25:29 INFO OutputCommitCoordinator$OutputCommitCoordinatorEndpoint: OutputCommitCoordinator stopped!
[2026-03-14T19:25:29.737+0000] {subprocess.py:106} INFO - 26/03/14 19:25:29 INFO SparkContext: Successfully stopped SparkContext
[2026-03-14T19:25:29.738+0000] {subprocess.py:106} INFO - 26/03/14 19:25:29 INFO ShutdownHookManager: Shutdown hook called
[2026-03-14T19:25:29.740+0000] {subprocess.py:106} INFO - 26/03/14 19:25:29 INFO ShutdownHookManager: Deleting directory /tmp/spark-242ba35d-5f04-4a9a-ad6a-9fbbb85f2b0a/pyspark-9dd794b8-3237-4677-a592-fbe082952b59
[2026-03-14T19:25:29.751+0000] {subprocess.py:106} INFO - 26/03/14 19:25:29 INFO ShutdownHookManager: Deleting directory /tmp/spark-6b929004-36ab-4345-b27a-47c84634321c
[2026-03-14T19:25:29.761+0000] {subprocess.py:106} INFO - 26/03/14 19:25:29 INFO ShutdownHookManager: Deleting directory /tmp/spark-242ba35d-5f04-4a9a-ad6a-9fbbb85f2b0a
[2026-03-14T19:25:29.850+0000] {subprocess.py:110} INFO - Command exited with return code 1
[2026-03-14T19:25:29.887+0000] {taskinstance.py:3313} ERROR - Task failed with exception
Traceback (most recent call last):
  File "/home/airflow/.local/lib/python3.12/site-packages/airflow/models/taskinstance.py", line 768, in _execute_task
    result = _execute_callable(context=context, **execute_callable_kwargs)
             ^^^^^^^^^^^^^^^^^^^^^^^^^^^^^^^^^^^^^^^^^^^^^^^^^^^^^^^^^^^^^
  File "/home/airflow/.local/lib/python3.12/site-packages/airflow/models/taskinstance.py", line 734, in _execute_callable
    return ExecutionCallableRunner(
           ^^^^^^^^^^^^^^^^^^^^^^^^
  File "/home/airflow/.local/lib/python3.12/site-packages/airflow/utils/operator_helpers.py", line 252, in run
    return self.func(*args, **kwargs)
           ^^^^^^^^^^^^^^^^^^^^^^^^^^
  File "/home/airflow/.local/lib/python3.12/site-packages/airflow/models/baseoperator.py", line 424, in wrapper
    return func(self, *args, **kwargs)
           ^^^^^^^^^^^^^^^^^^^^^^^^^^^
  File "/home/airflow/.local/lib/python3.12/site-packages/airflow/operators/bash.py", line 276, in execute
    raise AirflowException(
airflow.exceptions.AirflowException: Bash command failed. The command returned a non-zero exit code 1.
[2026-03-14T19:25:29.895+0000] {taskinstance.py:1226} INFO - Marking task as FAILED. dag_id=transaction_pipeline_practice, task_id=load_to_minio, run_id=manual__2026-03-14T19:25:06.819196+00:00, execution_date=20260314T192506, start_date=20260314T192512, end_date=20260314T192529
[2026-03-14T19:25:29.972+0000] {taskinstance.py:341} INFO - ::group::Post task execution logs
[2026-03-14T19:25:29.976+0000] {standard_task_runner.py:124} ERROR - Failed to execute job 62 for task load_to_minio (Bash command failed. The command returned a non-zero exit code 1.; 1951)
Traceback (most recent call last):
  File "/home/airflow/.local/lib/python3.12/site-packages/airflow/task/task_runner/standard_task_runner.py", line 117, in _start_by_fork
    ret = args.func(args, dag=self.dag)
          ^^^^^^^^^^^^^^^^^^^^^^^^^^^^^
  File "/home/airflow/.local/lib/python3.12/site-packages/airflow/cli/cli_config.py", line 49, in command
    return func(*args, **kwargs)
           ^^^^^^^^^^^^^^^^^^^^^
  File "/home/airflow/.local/lib/python3.12/site-packages/airflow/utils/cli.py", line 116, in wrapper
    return f(*args, **kwargs)
           ^^^^^^^^^^^^^^^^^^
  File "/home/airflow/.local/lib/python3.12/site-packages/airflow/cli/commands/task_command.py", line 483, in task_run
    task_return_code = _run_task_by_selected_method(args, _dag, ti)
                       ^^^^^^^^^^^^^^^^^^^^^^^^^^^^^^^^^^^^^^^^^^^^
  File "/home/airflow/.local/lib/python3.12/site-packages/airflow/cli/commands/task_command.py", line 256, in _run_task_by_selected_method
    return _run_raw_task(args, ti)
           ^^^^^^^^^^^^^^^^^^^^^^^
  File "/home/airflow/.local/lib/python3.12/site-packages/airflow/cli/commands/task_command.py", line 341, in _run_raw_task
    return ti._run_raw_task(
           ^^^^^^^^^^^^^^^^^
  File "/home/airflow/.local/lib/python3.12/site-packages/airflow/utils/session.py", line 97, in wrapper
    return func(*args, session=session, **kwargs)
           ^^^^^^^^^^^^^^^^^^^^^^^^^^^^^^^^^^^^^^
  File "/home/airflow/.local/lib/python3.12/site-packages/airflow/models/taskinstance.py", line 3006, in _run_raw_task
    return _run_raw_task(
           ^^^^^^^^^^^^^^
  File "/home/airflow/.local/lib/python3.12/site-packages/airflow/models/taskinstance.py", line 274, in _run_raw_task
    TaskInstance._execute_task_with_callbacks(
  File "/home/airflow/.local/lib/python3.12/site-packages/airflow/models/taskinstance.py", line 3161, in _execute_task_with_callbacks
    result = self._execute_task(context, task_orig)
             ^^^^^^^^^^^^^^^^^^^^^^^^^^^^^^^^^^^^^^
  File "/home/airflow/.local/lib/python3.12/site-packages/airflow/models/taskinstance.py", line 3185, in _execute_task
    return _execute_task(self, context, task_orig)
           ^^^^^^^^^^^^^^^^^^^^^^^^^^^^^^^^^^^^^^^
  File "/home/airflow/.local/lib/python3.12/site-packages/airflow/models/taskinstance.py", line 768, in _execute_task
    result = _execute_callable(context=context, **execute_callable_kwargs)
             ^^^^^^^^^^^^^^^^^^^^^^^^^^^^^^^^^^^^^^^^^^^^^^^^^^^^^^^^^^^^^
  File "/home/airflow/.local/lib/python3.12/site-packages/airflow/models/taskinstance.py", line 734, in _execute_callable
    return ExecutionCallableRunner(
           ^^^^^^^^^^^^^^^^^^^^^^^^
  File "/home/airflow/.local/lib/python3.12/site-packages/airflow/utils/operator_helpers.py", line 252, in run
    return self.func(*args, **kwargs)
           ^^^^^^^^^^^^^^^^^^^^^^^^^^
  File "/home/airflow/.local/lib/python3.12/site-packages/airflow/models/baseoperator.py", line 424, in wrapper
    return func(self, *args, **kwargs)
           ^^^^^^^^^^^^^^^^^^^^^^^^^^^
  File "/home/airflow/.local/lib/python3.12/site-packages/airflow/operators/bash.py", line 276, in execute
    raise AirflowException(
airflow.exceptions.AirflowException: Bash command failed. The command returned a non-zero exit code 1.
[2026-03-14T19:25:30.011+0000] {local_task_job_runner.py:266} INFO - Task exited with return code 1
[2026-03-14T19:25:30.063+0000] {taskinstance.py:3901} INFO - 0 downstream tasks scheduled from follow-on schedule check
[2026-03-14T19:25:30.067+0000] {local_task_job_runner.py:245} INFO - ::endgroup::
