[2026-03-14T16:41:20.249+0000] {local_task_job_runner.py:123} INFO - ::group::Pre task execution logs
[2026-03-14T16:41:20.302+0000] {taskinstance.py:2614} INFO - Dependencies all met for dep_context=non-requeueable deps ti=<TaskInstance: transaction_pipeline_practice.check_yesterday_data manual__2026-03-14T16:41:18.517359+00:00 [queued]>
[2026-03-14T16:41:20.321+0000] {taskinstance.py:2614} INFO - Dependencies all met for dep_context=requeueable deps ti=<TaskInstance: transaction_pipeline_practice.check_yesterday_data manual__2026-03-14T16:41:18.517359+00:00 [queued]>
[2026-03-14T16:41:20.322+0000] {taskinstance.py:2867} INFO - Starting attempt 1 of 1
[2026-03-14T16:41:20.345+0000] {taskinstance.py:2890} INFO - Executing <Task(SqlSensor): check_yesterday_data> on 2026-03-14 16:41:18.517359+00:00
[2026-03-14T16:41:20.361+0000] {standard_task_runner.py:104} INFO - Running: ['***', 'tasks', 'run', 'transaction_pipeline_practice', 'check_yesterday_data', 'manual__2026-03-14T16:41:18.517359+00:00', '--job-id', '16', '--raw', '--subdir', 'DAGS_FOLDER/practice.py', '--cfg-path', '/tmp/tmph4ql71bk']
[2026-03-14T16:41:20.368+0000] {standard_task_runner.py:105} INFO - Job 16: Subtask check_yesterday_data
[2026-03-14T16:41:20.369+0000] {logging_mixin.py:190} WARNING - /home/***/.local/lib/python3.12/site-packages/***/task/task_runner/standard_task_runner.py:70 DeprecationWarning: This process (pid=1823) is multi-threaded, use of fork() may lead to deadlocks in the child.
[2026-03-14T16:41:20.371+0000] {standard_task_runner.py:72} INFO - Started process 1824 to run task
[2026-03-14T16:41:20.518+0000] {task_command.py:467} INFO - Running <TaskInstance: transaction_pipeline_practice.check_yesterday_data manual__2026-03-14T16:41:18.517359+00:00 [running]> on host c446642bb0ce
[2026-03-14T16:41:20.729+0000] {taskinstance.py:3134} INFO - Exporting env vars: AIRFLOW_CTX_DAG_OWNER='data_engineer' AIRFLOW_CTX_DAG_ID='transaction_pipeline_practice' AIRFLOW_CTX_TASK_ID='check_yesterday_data' AIRFLOW_CTX_EXECUTION_DATE='2026-03-14T16:41:18.517359+00:00' AIRFLOW_CTX_TRY_NUMBER='1' AIRFLOW_CTX_DAG_RUN_ID='manual__2026-03-14T16:41:18.517359+00:00'
[2026-03-14T16:41:20.732+0000] {taskinstance.py:732} INFO - ::endgroup::
[2026-03-14T16:41:20.785+0000] {base.py:84} INFO - Retrieving connection 'pg_conn_test'
[2026-03-14T16:41:20.789+0000] {sql.py:102} INFO - Poking: SELECT 1 FROM transactions WHERE transaction_date = '2026-03-14' LIMIT 1; (with parameters None)
[2026-03-14T16:41:20.815+0000] {base.py:84} INFO - Retrieving connection 'pg_conn_test'
[2026-03-14T16:41:20.828+0000] {sql.py:511} INFO - Running statement: SELECT 1 FROM transactions WHERE transaction_date = '2026-03-14' LIMIT 1;, parameters: None
[2026-03-14T16:41:20.832+0000] {taskinstance.py:3313} ERROR - Task failed with exception
Traceback (most recent call last):
  File "/home/airflow/.local/lib/python3.12/site-packages/airflow/models/taskinstance.py", line 768, in _execute_task
    result = _execute_callable(context=context, **execute_callable_kwargs)
             ^^^^^^^^^^^^^^^^^^^^^^^^^^^^^^^^^^^^^^^^^^^^^^^^^^^^^^^^^^^^^
  File "/home/airflow/.local/lib/python3.12/site-packages/airflow/models/taskinstance.py", line 734, in _execute_callable
    return ExecutionCallableRunner(
           ^^^^^^^^^^^^^^^^^^^^^^^^
  File "/home/airflow/.local/lib/python3.12/site-packages/airflow/utils/operator_helpers.py", line 252, in run
    return self.func(*args, **kwargs)
           ^^^^^^^^^^^^^^^^^^^^^^^^^^
  File "/home/airflow/.local/lib/python3.12/site-packages/airflow/models/baseoperator.py", line 424, in wrapper
    return func(self, *args, **kwargs)
           ^^^^^^^^^^^^^^^^^^^^^^^^^^^
  File "/home/airflow/.local/lib/python3.12/site-packages/airflow/sensors/base.py", line 309, in execute
    raise e
  File "/home/airflow/.local/lib/python3.12/site-packages/airflow/sensors/base.py", line 289, in execute
    poke_return = self.poke(context)
                  ^^^^^^^^^^^^^^^^^^
  File "/home/airflow/.local/lib/python3.12/site-packages/airflow/providers/common/sql/sensors/sql.py", line 103, in poke
    records = hook.get_records(self.sql, self.parameters)
              ^^^^^^^^^^^^^^^^^^^^^^^^^^^^^^^^^^^^^^^^^^^
  File "/home/airflow/.local/lib/python3.12/site-packages/airflow/providers/common/sql/hooks/sql.py", line 327, in get_records
    return self.run(sql=sql, parameters=parameters, handler=fetch_all_handler)
           ^^^^^^^^^^^^^^^^^^^^^^^^^^^^^^^^^^^^^^^^^^^^^^^^^^^^^^^^^^^^^^^^^^^
  File "/home/airflow/.local/lib/python3.12/site-packages/airflow/providers/common/sql/hooks/sql.py", line 467, in run
    self._run_command(cur, sql_statement, parameters)
  File "/home/airflow/.local/lib/python3.12/site-packages/airflow/providers/common/sql/hooks/sql.py", line 516, in _run_command
    cur.execute(sql_statement)
psycopg2.errors.UndefinedTable: relation "transactions" does not exist
LINE 1: SELECT 1 FROM transactions WHERE transaction_date = '2026-03...
                      ^

[2026-03-14T16:41:20.863+0000] {taskinstance.py:1226} INFO - Marking task as FAILED. dag_id=transaction_pipeline_practice, task_id=check_yesterday_data, run_id=manual__2026-03-14T16:41:18.517359+00:00, execution_date=20260314T164118, start_date=20260314T164120, end_date=20260314T164120
[2026-03-14T16:41:20.938+0000] {taskinstance.py:341} INFO - ::group::Post task execution logs
[2026-03-14T16:41:20.939+0000] {standard_task_runner.py:124} ERROR - Failed to execute job 16 for task check_yesterday_data (relation "transactions" does not exist
LINE 1: SELECT 1 FROM transactions WHERE transaction_date = '2026-03...
                      ^
; 1824)
Traceback (most recent call last):
  File "/home/airflow/.local/lib/python3.12/site-packages/airflow/task/task_runner/standard_task_runner.py", line 117, in _start_by_fork
    ret = args.func(args, dag=self.dag)
          ^^^^^^^^^^^^^^^^^^^^^^^^^^^^^
  File "/home/airflow/.local/lib/python3.12/site-packages/airflow/cli/cli_config.py", line 49, in command
    return func(*args, **kwargs)
           ^^^^^^^^^^^^^^^^^^^^^
  File "/home/airflow/.local/lib/python3.12/site-packages/airflow/utils/cli.py", line 116, in wrapper
    return f(*args, **kwargs)
           ^^^^^^^^^^^^^^^^^^
  File "/home/airflow/.local/lib/python3.12/site-packages/airflow/cli/commands/task_command.py", line 483, in task_run
    task_return_code = _run_task_by_selected_method(args, _dag, ti)
                       ^^^^^^^^^^^^^^^^^^^^^^^^^^^^^^^^^^^^^^^^^^^^
  File "/home/airflow/.local/lib/python3.12/site-packages/airflow/cli/commands/task_command.py", line 256, in _run_task_by_selected_method
    return _run_raw_task(args, ti)
           ^^^^^^^^^^^^^^^^^^^^^^^
  File "/home/airflow/.local/lib/python3.12/site-packages/airflow/cli/commands/task_command.py", line 341, in _run_raw_task
    return ti._run_raw_task(
           ^^^^^^^^^^^^^^^^^
  File "/home/airflow/.local/lib/python3.12/site-packages/airflow/utils/session.py", line 97, in wrapper
    return func(*args, session=session, **kwargs)
           ^^^^^^^^^^^^^^^^^^^^^^^^^^^^^^^^^^^^^^
  File "/home/airflow/.local/lib/python3.12/site-packages/airflow/models/taskinstance.py", line 3006, in _run_raw_task
    return _run_raw_task(
           ^^^^^^^^^^^^^^
  File "/home/airflow/.local/lib/python3.12/site-packages/airflow/models/taskinstance.py", line 274, in _run_raw_task
    TaskInstance._execute_task_with_callbacks(
  File "/home/airflow/.local/lib/python3.12/site-packages/airflow/models/taskinstance.py", line 3161, in _execute_task_with_callbacks
    result = self._execute_task(context, task_orig)
             ^^^^^^^^^^^^^^^^^^^^^^^^^^^^^^^^^^^^^^
  File "/home/airflow/.local/lib/python3.12/site-packages/airflow/models/taskinstance.py", line 3185, in _execute_task
    return _execute_task(self, context, task_orig)
           ^^^^^^^^^^^^^^^^^^^^^^^^^^^^^^^^^^^^^^^
  File "/home/airflow/.local/lib/python3.12/site-packages/airflow/models/taskinstance.py", line 768, in _execute_task
    result = _execute_callable(context=context, **execute_callable_kwargs)
             ^^^^^^^^^^^^^^^^^^^^^^^^^^^^^^^^^^^^^^^^^^^^^^^^^^^^^^^^^^^^^
  File "/home/airflow/.local/lib/python3.12/site-packages/airflow/models/taskinstance.py", line 734, in _execute_callable
    return ExecutionCallableRunner(
           ^^^^^^^^^^^^^^^^^^^^^^^^
  File "/home/airflow/.local/lib/python3.12/site-packages/airflow/utils/operator_helpers.py", line 252, in run
    return self.func(*args, **kwargs)
           ^^^^^^^^^^^^^^^^^^^^^^^^^^
  File "/home/airflow/.local/lib/python3.12/site-packages/airflow/models/baseoperator.py", line 424, in wrapper
    return func(self, *args, **kwargs)
           ^^^^^^^^^^^^^^^^^^^^^^^^^^^
  File "/home/airflow/.local/lib/python3.12/site-packages/airflow/sensors/base.py", line 309, in execute
    raise e
  File "/home/airflow/.local/lib/python3.12/site-packages/airflow/sensors/base.py", line 289, in execute
    poke_return = self.poke(context)
                  ^^^^^^^^^^^^^^^^^^
  File "/home/airflow/.local/lib/python3.12/site-packages/airflow/providers/common/sql/sensors/sql.py", line 103, in poke
    records = hook.get_records(self.sql, self.parameters)
              ^^^^^^^^^^^^^^^^^^^^^^^^^^^^^^^^^^^^^^^^^^^
  File "/home/airflow/.local/lib/python3.12/site-packages/airflow/providers/common/sql/hooks/sql.py", line 327, in get_records
    return self.run(sql=sql, parameters=parameters, handler=fetch_all_handler)
           ^^^^^^^^^^^^^^^^^^^^^^^^^^^^^^^^^^^^^^^^^^^^^^^^^^^^^^^^^^^^^^^^^^^
  File "/home/airflow/.local/lib/python3.12/site-packages/airflow/providers/common/sql/hooks/sql.py", line 467, in run
    self._run_command(cur, sql_statement, parameters)
  File "/home/airflow/.local/lib/python3.12/site-packages/airflow/providers/common/sql/hooks/sql.py", line 516, in _run_command
    cur.execute(sql_statement)
psycopg2.errors.UndefinedTable: relation "transactions" does not exist
LINE 1: SELECT 1 FROM transactions WHERE transaction_date = '2026-03...
                      ^

[2026-03-14T16:41:20.991+0000] {local_task_job_runner.py:266} INFO - Task exited with return code 1
[2026-03-14T16:41:21.049+0000] {taskinstance.py:3901} INFO - 0 downstream tasks scheduled from follow-on schedule check
[2026-03-14T16:41:21.056+0000] {local_task_job_runner.py:245} INFO - ::endgroup::
