[2026-03-14T18:51:53.669+0000] {local_task_job_runner.py:123} INFO - ::group::Pre task execution logs
[2026-03-14T18:51:53.775+0000] {taskinstance.py:2614} INFO - Dependencies all met for dep_context=non-requeueable deps ti=<TaskInstance: transaction_pipeline_practice.check_yesterday_data manual__2026-03-14T18:51:50.466996+00:00 [queued]>
[2026-03-14T18:51:53.824+0000] {taskinstance.py:2614} INFO - Dependencies all met for dep_context=requeueable deps ti=<TaskInstance: transaction_pipeline_practice.check_yesterday_data manual__2026-03-14T18:51:50.466996+00:00 [queued]>
[2026-03-14T18:51:53.829+0000] {taskinstance.py:2867} INFO - Starting attempt 1 of 1
[2026-03-14T18:51:53.880+0000] {taskinstance.py:2890} INFO - Executing <Task(SqlSensor): check_yesterday_data> on 2026-03-14 18:51:50.466996+00:00
[2026-03-14T18:51:53.905+0000] {standard_task_runner.py:104} INFO - Running: ['***', 'tasks', 'run', 'transaction_pipeline_practice', 'check_yesterday_data', 'manual__2026-03-14T18:51:50.466996+00:00', '--job-id', '46', '--raw', '--subdir', 'DAGS_FOLDER/practice.py', '--cfg-path', '/tmp/tmp8buqg22i']
[2026-03-14T18:51:53.912+0000] {standard_task_runner.py:105} INFO - Job 46: Subtask check_yesterday_data
[2026-03-14T18:51:53.921+0000] {logging_mixin.py:190} WARNING - /home/***/.local/lib/python3.12/site-packages/***/task/task_runner/standard_task_runner.py:70 DeprecationWarning: This process (pid=1173) is multi-threaded, use of fork() may lead to deadlocks in the child.
[2026-03-14T18:51:53.924+0000] {standard_task_runner.py:72} INFO - Started process 1174 to run task
[2026-03-14T18:51:54.166+0000] {task_command.py:467} INFO - Running <TaskInstance: transaction_pipeline_practice.check_yesterday_data manual__2026-03-14T18:51:50.466996+00:00 [running]> on host 61b0a8b473fb
[2026-03-14T18:51:54.517+0000] {taskinstance.py:3134} INFO - Exporting env vars: AIRFLOW_CTX_DAG_OWNER='data_engineer' AIRFLOW_CTX_DAG_ID='transaction_pipeline_practice' AIRFLOW_CTX_TASK_ID='check_yesterday_data' AIRFLOW_CTX_EXECUTION_DATE='2026-03-14T18:51:50.466996+00:00' AIRFLOW_CTX_TRY_NUMBER='1' AIRFLOW_CTX_DAG_RUN_ID='manual__2026-03-14T18:51:50.466996+00:00'
[2026-03-14T18:51:54.520+0000] {taskinstance.py:732} INFO - ::endgroup::
[2026-03-14T18:51:54.604+0000] {base.py:84} INFO - Retrieving connection 'pg_conn_test'
[2026-03-14T18:51:54.609+0000] {sql.py:102} INFO - Poking: SELECT 1 FROM public.transactions WHERE transaction_date = '2026-03-14' (with parameters None)
[2026-03-14T18:51:54.642+0000] {base.py:84} INFO - Retrieving connection 'pg_conn_test'
[2026-03-14T18:51:54.674+0000] {sql.py:511} INFO - Running statement: SELECT 1 FROM public.transactions WHERE transaction_date = '2026-03-14', parameters: None
[2026-03-14T18:51:54.679+0000] {sql.py:520} INFO - Rows affected: 1
[2026-03-14T18:51:54.691+0000] {logging_mixin.py:190} WARNING - /home/***/.local/lib/python3.12/site-packages/***/providers/common/sql/hooks/sql.py:470 DeprecationWarning: Import of fetch_all_handler from the '***.providers.common.sql.hooks' module is deprecated and will
be removed in the future. Please import it from '***.providers.common.sql.hooks.handlers'.
[2026-03-14T18:51:54.695+0000] {logging_mixin.py:190} WARNING - /home/***/.local/lib/python3.12/site-packages/***/providers/common/sql/hooks/sql.py:471 DeprecationWarning: Import of return_single_query_results from the '***.providers.common.sql.hooks' module is deprecated and will
be removed in the future. Please import it from '***.providers.common.sql.hooks.handlers'.
[2026-03-14T18:51:54.699+0000] {logging_mixin.py:190} WARNING - /home/***/.local/lib/python3.12/site-packages/***/providers/common/sql/hooks/sql.py:486 DeprecationWarning: Import of return_single_query_results from the '***.providers.common.sql.hooks' module is deprecated and will
be removed in the future. Please import it from '***.providers.common.sql.hooks.handlers'.
[2026-03-14T18:51:54.701+0000] {base.py:339} INFO - Success criteria met. Exiting.
[2026-03-14T18:51:54.743+0000] {taskinstance.py:341} INFO - ::group::Post task execution logs
[2026-03-14T18:51:54.745+0000] {taskinstance.py:353} INFO - Marking task as SUCCESS. dag_id=transaction_pipeline_practice, task_id=check_yesterday_data, run_id=manual__2026-03-14T18:51:50.466996+00:00, execution_date=20260314T185150, start_date=20260314T185153, end_date=20260314T185154
[2026-03-14T18:51:54.890+0000] {local_task_job_runner.py:266} INFO - Task exited with return code 0
[2026-03-14T18:51:54.944+0000] {local_task_job_runner.py:245} INFO - ::endgroup::
